2026-05-24 16:30:30,417 INFO: 
====== 测试区间绩效 ====== 
2026-05-24 16:30:30,419 INFO: 基线策略：SSM_only (Close-to-Close) 
2026-05-24 16:30:30,419 INFO: 累计收益: 0.01% 
2026-05-24 16:30:30,419 INFO: 年化收益: 1.03% 
2026-05-24 16:30:30,419 INFO: 年化波动率: 14.04% 
2026-05-24 16:30:30,419 INFO: 夏普比率: 0.07 
2026-05-24 16:30:30,419 INFO: 最大回撤: 8.50% 
2026-05-24 16:31:00,803 INFO: 
====== 测试区间绩效 ====== 
2026-05-24 16:31:00,806 INFO: 基线策略：anticor (Close-to-Close) 
2026-05-24 16:31:00,806 INFO: 累计收益: -15.48% 
2026-05-24 16:31:00,807 INFO: 年化收益: -59.99% 
2026-05-24 16:31:00,807 INFO: 年化波动率: 37.64% 
2026-05-24 16:31:00,807 INFO: 夏普比率: -1.59 
2026-05-24 16:31:00,807 INFO: 最大回撤: 20.28% 
2026-05-24 16:31:27,162 INFO: 
====== 测试区间绩效 ====== 
2026-05-24 16:31:27,164 INFO: 基线策略：Buy and Hold (Close-to-Close) 
2026-05-24 16:31:27,165 INFO: 累计收益: 0.62% 
2026-05-24 16:31:27,165 INFO: 年化收益: 3.20% 
2026-05-24 16:31:27,165 INFO: 年化波动率: 12.26% 
2026-05-24 16:31:27,165 INFO: 夏普比率: 0.26 
2026-05-24 16:31:27,165 INFO: 最大回撤: 6.05% 
2026-05-24 16:31:49,504 INFO: 
====== 测试区间绩效 ====== 
2026-05-24 16:31:49,505 INFO: 基线策略：Markowitz (Close-to-Close) 
2026-05-24 16:31:49,505 INFO: 累计收益: 11.01% 
2026-05-24 16:31:49,505 INFO: 年化收益: 43.31% 
2026-05-24 16:31:49,505 INFO: 年化波动率: 17.56% 
2026-05-24 16:31:49,505 INFO: 夏普比率: 2.47 
2026-05-24 16:31:49,505 INFO: 最大回撤: 6.41% 
2026-05-24 16:32:14,770 INFO: 
====== 测试区间绩效 ====== 
2026-05-24 16:32:14,771 INFO: 基线策略：olmar (Close-to-Close) 
2026-05-24 16:32:14,771 INFO: 累计收益: -3.04% 
2026-05-24 16:32:14,771 INFO: 年化收益: -10.42% 
2026-05-24 16:32:14,771 INFO: 年化波动率: 19.75% 
2026-05-24 16:32:14,771 INFO: 夏普比率: -0.53 
2026-05-24 16:32:14,771 INFO: 最大回撤: 7.29% 
2026-05-24 16:32:34,067 INFO: 
====== 测试区间绩效 ====== 
2026-05-24 16:32:34,068 INFO: 基线策略：ucrp (Close-to-Close) 
2026-05-24 16:32:34,068 INFO: 累计收益: 0.57% 
2026-05-24 16:32:34,068 INFO: 年化收益: 3.07% 
2026-05-24 16:32:34,068 INFO: 年化波动率: 12.42% 
2026-05-24 16:32:34,068 INFO: 夏普比率: 0.25 
2026-05-24 16:32:34,068 INFO: 最大回撤: 6.08% 
2026-05-24 16:32:52,270 INFO: 
====== 测试区间绩效 ====== 
2026-05-24 16:32:52,273 INFO: 基线策略：wmamr (Close-to-Close) 
2026-05-24 16:32:52,273 INFO: 累计收益: -4.75% 
2026-05-24 16:32:52,273 INFO: 年化收益: -17.72% 
2026-05-24 16:32:52,274 INFO: 年化波动率: 18.84% 
2026-05-24 16:32:52,274 INFO: 夏普比率: -0.94 
2026-05-24 16:32:52,274 INFO: 最大回撤: 7.64% 
2026-05-24 16:32:54,357 INFO: ------Begin Baseline------ 
2026-05-24 16:32:54,363 INFO: stocks_info:CMCSA.O
, AMGN.O
, INTU.O
, CSGP.O
, CPRT.O
, AMAT.O
, ODFL.O
, COST.O
, AEP.O
, MNST.O
, EXC.O
, BIIB.O
, CSX.O
, FAST.O
, INTC.O
, CSCO.O
, MCHP.O
, MAR.O
, KLAC.O
, CCEP.O
, HON.O
, ASML.O
, CTAS.O
, ADP.O
, AZN.O
, MSFT.O
, BKNG.O
, ADI.O
, AMD.O
, IDXX.O
, CDNS.O
, ADBE.O
, EA.O
, CTSH.O
, ADSK.O
, AMZN.O
, GILD.O
, AAPL.O
, LRCX.O 
2026-05-24 16:32:57,964 INFO: begin plot stocks trend...start_train: 2023-01-03, end_train: 2023-12-29 
2026-05-24 16:33:48,778 INFO: ------End Baseline------ 
2026-05-24 17:11:58,874 INFO: 
====== 测试区间绩效 ====== 
2026-05-24 17:11:58,878 INFO: 基线策略：ucrp (Close-to-Close) 
2026-05-24 17:11:58,879 INFO: 累计收益: 0.57% 
2026-05-24 17:11:58,879 INFO: 年化收益: 3.07% 
2026-05-24 17:11:58,879 INFO: 年化波动率: 12.42% 
2026-05-24 17:11:58,879 INFO: 夏普比率: 0.25 
2026-05-24 17:11:58,879 INFO: 最大回撤: 6.08% 
