2026-05-24 16:30:24,177 INFO: 
====== 测试区间绩效 ====== 
2026-05-24 16:30:24,179 INFO: 基线策略：SSM_only (Close-to-Close) 
2026-05-24 16:30:24,179 INFO: 累计收益: -0.33% 
2026-05-24 16:30:24,179 INFO: 年化收益: -0.47% 
2026-05-24 16:30:24,180 INFO: 年化波动率: 13.99% 
2026-05-24 16:30:24,180 INFO: 夏普比率: -0.03 
2026-05-24 16:30:24,180 INFO: 最大回撤: 5.62% 
2026-05-24 16:30:33,646 INFO: 
====== 测试区间绩效 ====== 
2026-05-24 16:30:33,649 INFO: 基线策略：anticor (Close-to-Close) 
2026-05-24 16:30:33,649 INFO: 累计收益: 12.73% 
2026-05-24 16:30:33,649 INFO: 年化收益: 58.41% 
2026-05-24 16:30:33,649 INFO: 年化波动率: 38.57% 
2026-05-24 16:30:33,649 INFO: 夏普比率: 1.51 
2026-05-24 16:30:33,649 INFO: 最大回撤: 9.90% 
2026-05-24 16:30:51,499 INFO: 
====== 测试区间绩效 ====== 
2026-05-24 16:30:51,508 INFO: 基线策略：Buy and Hold (Close-to-Close) 
2026-05-24 16:30:51,508 INFO: 累计收益: -1.99% 
2026-05-24 16:30:51,508 INFO: 年化收益: -7.74% 
2026-05-24 16:30:51,508 INFO: 年化波动率: 13.29% 
2026-05-24 16:30:51,509 INFO: 夏普比率: -0.58 
2026-05-24 16:30:51,509 INFO: 最大回撤: 7.13% 
2026-05-24 16:31:03,701 INFO: 
====== 测试区间绩效 ====== 
2026-05-24 16:31:03,704 INFO: 基线策略：Markowitz (Close-to-Close) 
2026-05-24 16:31:03,705 INFO: 累计收益: 6.41% 
2026-05-24 16:31:03,705 INFO: 年化收益: 28.07% 
2026-05-24 16:31:03,705 INFO: 年化波动率: 17.68% 
2026-05-24 16:31:03,705 INFO: 夏普比率: 1.59 
2026-05-24 16:31:03,705 INFO: 最大回撤: 7.81% 
2026-05-24 16:31:15,342 INFO: 
====== 测试区间绩效 ====== 
2026-05-24 16:31:15,348 INFO: 基线策略：olmar (Close-to-Close) 
2026-05-24 16:31:15,349 INFO: 累计收益: -4.50% 
2026-05-24 16:31:15,349 INFO: 年化收益: -17.24% 
2026-05-24 16:31:15,349 INFO: 年化波动率: 22.15% 
2026-05-24 16:31:15,350 INFO: 夏普比率: -0.78 
2026-05-24 16:31:15,350 INFO: 最大回撤: 9.55% 
2026-05-24 16:31:26,849 INFO: 
====== 测试区间绩效 ====== 
2026-05-24 16:31:26,851 INFO: 基线策略：ucrp (Close-to-Close) 
2026-05-24 16:31:26,851 INFO: 累计收益: -2.09% 
2026-05-24 16:31:26,851 INFO: 年化收益: -8.27% 
2026-05-24 16:31:26,851 INFO: 年化波动率: 13.52% 
2026-05-24 16:31:26,851 INFO: 夏普比率: -0.61 
2026-05-24 16:31:26,851 INFO: 最大回撤: 7.31% 
2026-05-24 16:31:30,343 INFO: 
====== 测试区间绩效 ====== 
2026-05-24 16:31:30,346 INFO: 基线策略：wmamr (Close-to-Close) 
2026-05-24 16:31:30,347 INFO: 累计收益: -4.50% 
2026-05-24 16:31:30,347 INFO: 年化收益: -17.24% 
2026-05-24 16:31:30,347 INFO: 年化波动率: 22.15% 
2026-05-24 16:31:30,347 INFO: 夏普比率: -0.78 
2026-05-24 16:31:30,347 INFO: 最大回撤: 9.55% 
2026-05-24 16:31:33,428 INFO: ------Begin Baseline------ 
2026-05-24 16:31:33,433 INFO: stocks_info:000001.SZ
, 000002.SZ
, 000063.SZ
, 000408.SZ
, 000425.SZ
, 000538.SZ
, 000568.SZ
, 000596.SZ
, 000617.SZ
, 000625.SZ
, 000651.SZ
, 000661.SZ
, 000708.SZ
, 000733.SZ
, 000768.SZ
, 000776.SZ
, 000786.SZ
, 000800.SZ
, 000807.SZ
, 000858.SZ
, 000876.SZ
, 000895.SZ
, 000938.SZ
, 600000.SH
, 600009.SH
, 600061.SH
, 600085.SH
, 600089.SH
, 600104.SH
, 600111.SH
, 600115.SH
, 600132.SH
, 600150.SH
, 600161.SH
, 600176.SH
, 600183.SH
, 600188.SH
, 600196.SH
, 600219.SH
, 600600.SH
, 600660.SH
, 600674.SH
, 600690.SH
, 600741.SH
, 600760.SH
, 600795.SH
, 600803.SH
, 600809.SH
, 600875.SH
, 600886.SH
, 600887.SH
, 600893.SH
, 601607.SH 
2026-05-24 16:31:38,684 INFO: begin plot stocks trend...start_train: 2023-01-03, end_train: 2023-12-29 
2026-05-24 16:32:37,480 INFO: ------End Baseline------ 
2026-05-24 17:11:48,415 INFO: 
====== 测试区间绩效 ====== 
2026-05-24 17:11:48,418 INFO: 基线策略：ucrp (Close-to-Close) 
2026-05-24 17:11:48,419 INFO: 累计收益: -2.09% 
2026-05-24 17:11:48,419 INFO: 年化收益: -8.27% 
2026-05-24 17:11:48,419 INFO: 年化波动率: 13.52% 
2026-05-24 17:11:48,419 INFO: 夏普比率: -0.61 
2026-05-24 17:11:48,419 INFO: 最大回撤: 7.31% 
