2026-05-24 17:04:11,685 INFO: Global Random Seed set to: 42 
2026-05-24 17:04:11,688 INFO: 正在加载全量数据以保证边界连续性... 
2026-05-24 17:04:27,289 INFO: Mode TRAIN. Pool Size: 2 
2026-05-24 17:04:27,291 INFO: ### [1/3] Warmup OUTER: 1 eps (Min Warmup: 6) ### 
2026-05-24 17:04:31,667 INFO: [smoke] W-Out 1/1 | L_out:0.381 
2026-05-24 17:04:31,675 INFO: ### [2/3] Warmup INNER: 1 eps (Min Warmup: 6) ### 
2026-05-24 17:04:49,477 INFO: [smoke] W-Inn 1/1 | L_in:0.000 
2026-05-24 17:04:49,480 INFO: ### [3/3] JOINT (Outer+Inner): 1 eps ### 
2026-05-24 17:04:49,483 INFO: Epoch reshuffle. 
2026-05-24 17:04:59,847 INFO: [smoke] Joint 1/1 | L_out:0.382 L_in:-0.000 
2026-05-24 17:04:59,850 INFO: Mode VAL. Sequential. 
2026-05-24 17:05:06,145 INFO: Mode TRAIN. Pool Size: 2 
2026-05-24 17:05:06,148 INFO:    >>> [VAL joint] Sharpe:2.7390 | Ret:9.66% 
2026-05-24 17:05:06,168 INFO:        (🏆 New Final Best Saved: 2.7390) 
2026-05-24 17:05:06,181 INFO: ========== Testing ========== 
2026-05-24 17:05:06,200 INFO: Loaded Best Model: results/smoke_ppo/nas100/ppo/seed_42/checkpoints/best_model.pth 
2026-05-24 17:05:06,201 INFO: Mode TEST. Sequential. 
2026-05-24 17:05:06,202 INFO: Running Scenario 1: No Monitor, Fixed 10 Days... 
2026-05-24 17:05:15,741 INFO: 
============================================================ 
2026-05-24 17:05:15,742 INFO:        TEST REPORT: Scenario 1 (No Monitor, 10d)        
2026-05-24 17:05:15,742 INFO: ============================================================ 
2026-05-24 17:05:15,742 INFO: Days       : 60 
2026-05-24 17:05:15,742 INFO: Switches   : 7 (11.67%) 
2026-05-24 17:05:15,742 INFO: ------------------------------------------------------------ 
2026-05-24 17:05:15,742 INFO: Total Ret  : 2.21% 
2026-05-24 17:05:15,742 INFO: Ann Ret    : 9.89% 
2026-05-24 17:05:15,743 INFO: Ann Vol    : 14.34% 
2026-05-24 17:05:15,743 INFO: Sharpe     : 0.6896 
2026-05-24 17:05:15,743 INFO: Max DD     : 7.76% 
2026-05-24 17:05:15,743 INFO: ============================================================
 
2026-05-24 17:05:15,751 INFO: Running Scenario 2: No Monitor/Inner, Fixed 10 Days... 
2026-05-24 17:05:27,302 INFO: 
============================================================ 
2026-05-24 17:05:27,304 INFO:        TEST REPORT: Scenario 2 (No Mon/Inner, 10d)        
2026-05-24 17:05:27,304 INFO: ============================================================ 
2026-05-24 17:05:27,304 INFO: Days       : 60 
2026-05-24 17:05:27,304 INFO: Switches   : 7 (11.67%) 
2026-05-24 17:05:27,304 INFO: ------------------------------------------------------------ 
2026-05-24 17:05:27,304 INFO: Total Ret  : 2.26% 
2026-05-24 17:05:27,304 INFO: Ann Ret    : 10.10% 
2026-05-24 17:05:27,304 INFO: Ann Vol    : 14.37% 
2026-05-24 17:05:27,304 INFO: Sharpe     : 0.7032 
2026-05-24 17:05:27,304 INFO: Max DD     : 7.74% 
2026-05-24 17:05:27,304 INFO: ============================================================
 
2026-05-24 17:05:27,313 INFO: Running Scenario 3: All Modules (Standard)... 
2026-05-24 17:05:32,144 INFO: 
============================================================ 
2026-05-24 17:05:32,147 INFO:        TEST REPORT: Scenario 3 (All Modules)        
2026-05-24 17:05:32,147 INFO: ============================================================ 
2026-05-24 17:05:32,147 INFO: Days       : 60 
2026-05-24 17:05:32,147 INFO: Switches   : 18 (30.00%) 
2026-05-24 17:05:32,147 INFO: ------------------------------------------------------------ 
2026-05-24 17:05:32,148 INFO: Total Ret  : -0.38% 
2026-05-24 17:05:32,148 INFO: Ann Ret    : -0.67% 
2026-05-24 17:05:32,148 INFO: Ann Vol    : 13.35% 
2026-05-24 17:05:32,148 INFO: Sharpe     : -0.0503 
2026-05-24 17:05:32,148 INFO: Max DD     : 7.83% 
2026-05-24 17:05:32,148 INFO: ============================================================
 
2026-05-24 17:05:32,161 INFO: Running Scenario 4: Rule Based Switch (Thresholds: [0.3, 0.35, 0.4, 0.45, 0.5, 0.55, 0.6, 0.65, 0.7])... 
2026-05-24 17:05:36,316 INFO:    [DEBUG Analysis] Th=0.3 | Avg Held_P=0.5458 | Days < Th Ratio: 0.0% 
2026-05-24 17:05:36,324 INFO: 
============================================================ 
2026-05-24 17:05:36,324 INFO:        TEST REPORT: Scenario 4 (Rule th=0.3)        
2026-05-24 17:05:36,325 INFO: ============================================================ 
2026-05-24 17:05:36,325 INFO: Days       : 60 
2026-05-24 17:05:36,325 INFO: Switches   : 7 (11.67%) 
2026-05-24 17:05:36,325 INFO: ------------------------------------------------------------ 
2026-05-24 17:05:36,325 INFO: Total Ret  : 2.21% 
2026-05-24 17:05:36,325 INFO: Ann Ret    : 9.89% 
2026-05-24 17:05:36,325 INFO: Ann Vol    : 14.34% 
2026-05-24 17:05:36,325 INFO: Sharpe     : 0.6896 
2026-05-24 17:05:36,325 INFO: Max DD     : 7.76% 
2026-05-24 17:05:36,325 INFO: ============================================================
 
2026-05-24 17:05:36,559 INFO: Saved yield curve comparison to results/smoke_ppo/nas100/ppo/seed_42/comparison_yield_curve_th0.3.png 
2026-05-24 17:05:53,911 INFO:    [DEBUG Analysis] Th=0.35 | Avg Held_P=0.5458 | Days < Th Ratio: 0.0% 
2026-05-24 17:05:53,946 INFO: 
============================================================ 
2026-05-24 17:05:53,947 INFO:        TEST REPORT: Scenario 4 (Rule th=0.35)        
2026-05-24 17:05:53,947 INFO: ============================================================ 
2026-05-24 17:05:53,947 INFO: Days       : 60 
2026-05-24 17:05:53,947 INFO: Switches   : 7 (11.67%) 
2026-05-24 17:05:53,947 INFO: ------------------------------------------------------------ 
2026-05-24 17:05:53,947 INFO: Total Ret  : 2.21% 
2026-05-24 17:05:53,947 INFO: Ann Ret    : 9.89% 
2026-05-24 17:05:53,947 INFO: Ann Vol    : 14.34% 
2026-05-24 17:05:53,947 INFO: Sharpe     : 0.6896 
2026-05-24 17:05:53,947 INFO: Max DD     : 7.76% 
2026-05-24 17:05:53,947 INFO: ============================================================
 
2026-05-24 17:05:54,382 INFO: Saved yield curve comparison to results/smoke_ppo/nas100/ppo/seed_42/comparison_yield_curve_th0.35.png 
2026-05-24 17:06:05,905 INFO:    [DEBUG Analysis] Th=0.4 | Avg Held_P=0.5620 | Days < Th Ratio: 3.3% 
2026-05-24 17:06:05,911 INFO: 
============================================================ 
2026-05-24 17:06:05,911 INFO:        TEST REPORT: Scenario 4 (Rule th=0.4)        
2026-05-24 17:06:05,911 INFO: ============================================================ 
2026-05-24 17:06:05,911 INFO: Days       : 60 
2026-05-24 17:06:05,911 INFO: Switches   : 7 (11.67%) 
2026-05-24 17:06:05,911 INFO: ------------------------------------------------------------ 
2026-05-24 17:06:05,911 INFO: Total Ret  : -0.82% 
2026-05-24 17:06:05,911 INFO: Ann Ret    : -2.52% 
2026-05-24 17:06:05,911 INFO: Ann Vol    : 12.86% 
2026-05-24 17:06:05,911 INFO: Sharpe     : -0.1956 
2026-05-24 17:06:05,911 INFO: Max DD     : 8.37% 
2026-05-24 17:06:05,911 INFO: ============================================================
 
2026-05-24 17:06:06,120 INFO: Saved yield curve comparison to results/smoke_ppo/nas100/ppo/seed_42/comparison_yield_curve_th0.4.png 
2026-05-24 17:06:15,541 INFO:    [DEBUG Analysis] Th=0.45 | Avg Held_P=0.5374 | Days < Th Ratio: 6.6% 
2026-05-24 17:06:15,547 INFO: 
============================================================ 
2026-05-24 17:06:15,547 INFO:        TEST REPORT: Scenario 4 (Rule th=0.45)        
2026-05-24 17:06:15,547 INFO: ============================================================ 
2026-05-24 17:06:15,547 INFO: Days       : 60 
2026-05-24 17:06:15,547 INFO: Switches   : 8 (13.33%) 
2026-05-24 17:06:15,547 INFO: ------------------------------------------------------------ 
2026-05-24 17:06:15,547 INFO: Total Ret  : -1.11% 
2026-05-24 17:06:15,547 INFO: Ann Ret    : -3.64% 
2026-05-24 17:06:15,547 INFO: Ann Vol    : 13.39% 
2026-05-24 17:06:15,547 INFO: Sharpe     : -0.2717 
2026-05-24 17:06:15,547 INFO: Max DD     : 7.76% 
2026-05-24 17:06:15,547 INFO: ============================================================
 
2026-05-24 17:06:15,713 INFO: Saved yield curve comparison to results/smoke_ppo/nas100/ppo/seed_42/comparison_yield_curve_th0.45.png 
2026-05-24 17:06:39,466 INFO:    [DEBUG Analysis] Th=0.5 | Avg Held_P=0.5597 | Days < Th Ratio: 13.1% 
2026-05-24 17:06:39,488 INFO: 
============================================================ 
2026-05-24 17:06:39,488 INFO:        TEST REPORT: Scenario 4 (Rule th=0.5)        
2026-05-24 17:06:39,488 INFO: ============================================================ 
2026-05-24 17:06:39,488 INFO: Days       : 60 
2026-05-24 17:06:39,489 INFO: Switches   : 8 (13.33%) 
2026-05-24 17:06:39,489 INFO: ------------------------------------------------------------ 
2026-05-24 17:06:39,489 INFO: Total Ret  : 0.39% 
2026-05-24 17:06:39,489 INFO: Ann Ret    : 2.53% 
2026-05-24 17:06:39,489 INFO: Ann Vol    : 14.01% 
2026-05-24 17:06:39,489 INFO: Sharpe     : 0.1803 
2026-05-24 17:06:39,489 INFO: Max DD     : 7.85% 
2026-05-24 17:06:39,489 INFO: ============================================================
 
2026-05-24 17:06:39,720 INFO: Saved yield curve comparison to results/smoke_ppo/nas100/ppo/seed_42/comparison_yield_curve_th0.5.png 
2026-05-24 17:06:47,534 INFO:    [DEBUG Analysis] Th=0.55 | Avg Held_P=0.5660 | Days < Th Ratio: 34.4% 
2026-05-24 17:06:47,541 INFO: 
============================================================ 
2026-05-24 17:06:47,541 INFO:        TEST REPORT: Scenario 4 (Rule th=0.55)        
2026-05-24 17:06:47,541 INFO: ============================================================ 
2026-05-24 17:06:47,541 INFO: Days       : 60 
2026-05-24 17:06:47,542 INFO: Switches   : 13 (21.67%) 
2026-05-24 17:06:47,542 INFO: ------------------------------------------------------------ 
2026-05-24 17:06:47,542 INFO: Total Ret  : -0.03% 
2026-05-24 17:06:47,542 INFO: Ann Ret    : 0.86% 
2026-05-24 17:06:47,542 INFO: Ann Vol    : 14.02% 
2026-05-24 17:06:47,542 INFO: Sharpe     : 0.0610 
2026-05-24 17:06:47,542 INFO: Max DD     : 7.47% 
2026-05-24 17:06:47,542 INFO: ============================================================
 
2026-05-24 17:06:47,768 INFO: Saved yield curve comparison to results/smoke_ppo/nas100/ppo/seed_42/comparison_yield_curve_th0.55.png 
2026-05-24 17:06:59,347 INFO:    [DEBUG Analysis] Th=0.6 | Avg Held_P=0.5735 | Days < Th Ratio: 50.8% 
2026-05-24 17:06:59,352 INFO: 
============================================================ 
2026-05-24 17:06:59,353 INFO:        TEST REPORT: Scenario 4 (Rule th=0.6)        
2026-05-24 17:06:59,353 INFO: ============================================================ 
2026-05-24 17:06:59,353 INFO: Days       : 60 
2026-05-24 17:06:59,353 INFO: Switches   : 18 (30.00%) 
2026-05-24 17:06:59,353 INFO: ------------------------------------------------------------ 
2026-05-24 17:06:59,353 INFO: Total Ret  : 2.15% 
2026-05-24 17:06:59,353 INFO: Ann Ret    : 9.56% 
2026-05-24 17:06:59,353 INFO: Ann Vol    : 13.51% 
2026-05-24 17:06:59,353 INFO: Sharpe     : 0.7074 
2026-05-24 17:06:59,353 INFO: Max DD     : 5.39% 
2026-05-24 17:06:59,353 INFO: ============================================================
 
2026-05-24 17:06:59,533 INFO: Saved yield curve comparison to results/smoke_ppo/nas100/ppo/seed_42/comparison_yield_curve_th0.6.png 
2026-05-24 17:07:07,201 INFO:    [DEBUG Analysis] Th=0.65 | Avg Held_P=0.5616 | Days < Th Ratio: 83.6% 
2026-05-24 17:07:07,207 INFO: 
============================================================ 
2026-05-24 17:07:07,207 INFO:        TEST REPORT: Scenario 4 (Rule th=0.65)        
2026-05-24 17:07:07,207 INFO: ============================================================ 
2026-05-24 17:07:07,207 INFO: Days       : 60 
2026-05-24 17:07:07,207 INFO: Switches   : 27 (45.00%) 
2026-05-24 17:07:07,207 INFO: ------------------------------------------------------------ 
2026-05-24 17:07:07,207 INFO: Total Ret  : 2.18% 
2026-05-24 17:07:07,207 INFO: Ann Ret    : 9.96% 
2026-05-24 17:07:07,207 INFO: Ann Vol    : 15.48% 
2026-05-24 17:07:07,207 INFO: Sharpe     : 0.6435 
2026-05-24 17:07:07,207 INFO: Max DD     : 8.63% 
2026-05-24 17:07:07,207 INFO: ============================================================
 
2026-05-24 17:07:07,433 INFO: Saved yield curve comparison to results/smoke_ppo/nas100/ppo/seed_42/comparison_yield_curve_th0.65.png 
2026-05-24 17:07:15,558 INFO:    [DEBUG Analysis] Th=0.7 | Avg Held_P=0.5497 | Days < Th Ratio: 100.0% 
2026-05-24 17:07:15,564 INFO: 
============================================================ 
2026-05-24 17:07:15,564 INFO:        TEST REPORT: Scenario 4 (Rule th=0.7)        
2026-05-24 17:07:15,564 INFO: ============================================================ 
2026-05-24 17:07:15,564 INFO: Days       : 60 
2026-05-24 17:07:15,564 INFO: Switches   : 31 (51.67%) 
2026-05-24 17:07:15,564 INFO: ------------------------------------------------------------ 
2026-05-24 17:07:15,564 INFO: Total Ret  : 4.53% 
2026-05-24 17:07:15,564 INFO: Ann Ret    : 19.18% 
2026-05-24 17:07:15,564 INFO: Ann Vol    : 15.37% 
2026-05-24 17:07:15,564 INFO: Sharpe     : 1.2477 
2026-05-24 17:07:15,564 INFO: Max DD     : 8.63% 
2026-05-24 17:07:15,564 INFO: ============================================================
 
2026-05-24 17:07:15,726 INFO: Saved yield curve comparison to results/smoke_ppo/nas100/ppo/seed_42/comparison_yield_curve_th0.7.png 
