2026-05-24 16:34:03,998 INFO: Global Random Seed set to: 77 
2026-05-24 16:34:04,000 INFO: 正在加载全量数据以保证边界连续性... 
2026-05-24 16:34:27,387 INFO: Mode TRAIN. Pool Size: 2 
2026-05-24 16:34:27,387 INFO: ### [1/3] Warmup OUTER: 1 eps (Min Warmup: 6) ### 
2026-05-24 16:34:32,771 INFO: [smoke] W-Out 1/1 | L_out:0.339 
2026-05-24 16:34:32,772 INFO: ### [2/3] Warmup INNER: 1 eps (Min Warmup: 6) ### 
2026-05-24 16:34:36,008 INFO: [smoke] W-Inn 1/1 | L_in:-0.000 
2026-05-24 16:34:36,009 INFO: ### [3/3] JOINT (Outer+Inner): 1 eps ### 
2026-05-24 16:34:36,012 INFO: Epoch reshuffle. 
2026-05-24 16:34:38,838 INFO: [smoke] Joint 1/1 | L_out:0.343 L_in:-0.000 
2026-05-24 16:34:38,839 INFO: Mode VAL. Sequential. 
2026-05-24 16:34:43,729 INFO: Mode TRAIN. Pool Size: 2 
2026-05-24 16:34:43,730 INFO:    >>> [VAL joint] Sharpe:0.4367 | Ret:1.72% 
2026-05-24 16:34:43,750 INFO:        (🏆 New Final Best Saved: 0.4367) 
2026-05-24 16:34:43,764 INFO: ========== Testing ========== 
2026-05-24 16:34:43,790 INFO: Loaded Best Model: results/smoke_ppo/sh/ppo/seed_77/checkpoints/best_model.pth 
2026-05-24 16:34:43,790 INFO: Mode TEST. Sequential. 
2026-05-24 16:34:43,791 INFO: Running Scenario 1: No Monitor, Fixed 10 Days... 
2026-05-24 16:34:45,891 INFO: 
============================================================ 
2026-05-24 16:34:45,892 INFO:        TEST REPORT: Scenario 1 (No Monitor, 10d)        
2026-05-24 16:34:45,892 INFO: ============================================================ 
2026-05-24 16:34:45,892 INFO: Days       : 56 
2026-05-24 16:34:45,892 INFO: Switches   : 6 (10.71%) 
2026-05-24 16:34:45,892 INFO: ------------------------------------------------------------ 
2026-05-24 16:34:45,892 INFO: Total Ret  : 1.84% 
2026-05-24 16:34:45,892 INFO: Ann Ret    : 9.09% 
2026-05-24 16:34:45,892 INFO: Ann Vol    : 15.54% 
2026-05-24 16:34:45,892 INFO: Sharpe     : 0.5853 
2026-05-24 16:34:45,892 INFO: Max DD     : 7.55% 
2026-05-24 16:34:45,892 INFO: ============================================================
 
2026-05-24 16:34:45,898 INFO: Running Scenario 2: No Monitor/Inner, Fixed 10 Days... 
2026-05-24 16:34:47,133 INFO: 
============================================================ 
2026-05-24 16:34:47,133 INFO:        TEST REPORT: Scenario 2 (No Mon/Inner, 10d)        
2026-05-24 16:34:47,133 INFO: ============================================================ 
2026-05-24 16:34:47,133 INFO: Days       : 56 
2026-05-24 16:34:47,133 INFO: Switches   : 6 (10.71%) 
2026-05-24 16:34:47,133 INFO: ------------------------------------------------------------ 
2026-05-24 16:34:47,134 INFO: Total Ret  : 2.03% 
2026-05-24 16:34:47,134 INFO: Ann Ret    : 9.91% 
2026-05-24 16:34:47,134 INFO: Ann Vol    : 15.44% 
2026-05-24 16:34:47,134 INFO: Sharpe     : 0.6422 
2026-05-24 16:34:47,134 INFO: Max DD     : 7.40% 
2026-05-24 16:34:47,134 INFO: ============================================================
 
2026-05-24 16:34:47,139 INFO: Running Scenario 3: All Modules (Standard)... 
2026-05-24 16:34:49,195 INFO: 
============================================================ 
2026-05-24 16:34:49,195 INFO:        TEST REPORT: Scenario 3 (All Modules)        
2026-05-24 16:34:49,196 INFO: ============================================================ 
2026-05-24 16:34:49,196 INFO: Days       : 56 
2026-05-24 16:34:49,196 INFO: Switches   : 20 (35.71%) 
2026-05-24 16:34:49,196 INFO: ------------------------------------------------------------ 
2026-05-24 16:34:49,196 INFO: Total Ret  : -1.79% 
2026-05-24 16:34:49,196 INFO: Ann Ret    : -6.53% 
2026-05-24 16:34:49,196 INFO: Ann Vol    : 16.35% 
2026-05-24 16:34:49,196 INFO: Sharpe     : -0.3993 
2026-05-24 16:34:49,196 INFO: Max DD     : 5.99% 
2026-05-24 16:34:49,196 INFO: ============================================================
 
2026-05-24 16:34:49,201 INFO: Running Scenario 4: Rule Based Switch (Thresholds: [0.3, 0.35, 0.4, 0.45, 0.5, 0.55, 0.6, 0.65, 0.7])... 
2026-05-24 16:34:53,695 INFO:    [DEBUG Analysis] Th=0.3 | Avg Held_P=0.4312 | Days < Th Ratio: 0.0% 
2026-05-24 16:34:53,698 INFO: 
============================================================ 
2026-05-24 16:34:53,699 INFO:        TEST REPORT: Scenario 4 (Rule th=0.3)        
2026-05-24 16:34:53,699 INFO: ============================================================ 
2026-05-24 16:34:53,699 INFO: Days       : 56 
2026-05-24 16:34:53,699 INFO: Switches   : 6 (10.71%) 
2026-05-24 16:34:53,699 INFO: ------------------------------------------------------------ 
2026-05-24 16:34:53,699 INFO: Total Ret  : 1.84% 
2026-05-24 16:34:53,699 INFO: Ann Ret    : 9.09% 
2026-05-24 16:34:53,699 INFO: Ann Vol    : 15.54% 
2026-05-24 16:34:53,699 INFO: Sharpe     : 0.5853 
2026-05-24 16:34:53,699 INFO: Max DD     : 7.55% 
2026-05-24 16:34:53,699 INFO: ============================================================
 
2026-05-24 16:34:53,852 INFO: Saved yield curve comparison to results/smoke_ppo/sh/ppo/seed_77/comparison_yield_curve_th0.3.png 
2026-05-24 16:34:56,923 INFO:    [DEBUG Analysis] Th=0.35 | Avg Held_P=0.4238 | Days < Th Ratio: 8.8% 
2026-05-24 16:34:56,927 INFO: 
============================================================ 
2026-05-24 16:34:56,927 INFO:        TEST REPORT: Scenario 4 (Rule th=0.35)        
2026-05-24 16:34:56,927 INFO: ============================================================ 
2026-05-24 16:34:56,927 INFO: Days       : 56 
2026-05-24 16:34:56,927 INFO: Switches   : 8 (14.29%) 
2026-05-24 16:34:56,927 INFO: ------------------------------------------------------------ 
2026-05-24 16:34:56,927 INFO: Total Ret  : 3.88% 
2026-05-24 16:34:56,927 INFO: Ann Ret    : 17.79% 
2026-05-24 16:34:56,928 INFO: Ann Vol    : 15.82% 
2026-05-24 16:34:56,928 INFO: Sharpe     : 1.1241 
2026-05-24 16:34:56,928 INFO: Max DD     : 5.10% 
2026-05-24 16:34:56,928 INFO: ============================================================
 
2026-05-24 16:34:57,087 INFO: Saved yield curve comparison to results/smoke_ppo/sh/ppo/seed_77/comparison_yield_curve_th0.35.png 
2026-05-24 16:34:59,188 INFO:    [DEBUG Analysis] Th=0.4 | Avg Held_P=0.4254 | Days < Th Ratio: 38.6% 
2026-05-24 16:34:59,192 INFO: 
============================================================ 
2026-05-24 16:34:59,192 INFO:        TEST REPORT: Scenario 4 (Rule th=0.4)        
2026-05-24 16:34:59,192 INFO: ============================================================ 
2026-05-24 16:34:59,192 INFO: Days       : 56 
2026-05-24 16:34:59,193 INFO: Switches   : 14 (25.00%) 
2026-05-24 16:34:59,193 INFO: ------------------------------------------------------------ 
2026-05-24 16:34:59,193 INFO: Total Ret  : -0.14% 
2026-05-24 16:34:59,193 INFO: Ann Ret    : 0.63% 
2026-05-24 16:34:59,193 INFO: Ann Vol    : 16.05% 
2026-05-24 16:34:59,193 INFO: Sharpe     : 0.0392 
2026-05-24 16:34:59,193 INFO: Max DD     : 7.16% 
2026-05-24 16:34:59,193 INFO: ============================================================
 
2026-05-24 16:34:59,346 INFO: Saved yield curve comparison to results/smoke_ppo/sh/ppo/seed_77/comparison_yield_curve_th0.4.png 
2026-05-24 16:35:03,060 INFO:    [DEBUG Analysis] Th=0.45 | Avg Held_P=0.4145 | Days < Th Ratio: 63.2% 
2026-05-24 16:35:03,064 INFO: 
============================================================ 
2026-05-24 16:35:03,064 INFO:        TEST REPORT: Scenario 4 (Rule th=0.45)        
2026-05-24 16:35:03,064 INFO: ============================================================ 
2026-05-24 16:35:03,064 INFO: Days       : 56 
2026-05-24 16:35:03,064 INFO: Switches   : 21 (37.50%) 
2026-05-24 16:35:03,064 INFO: ------------------------------------------------------------ 
2026-05-24 16:35:03,064 INFO: Total Ret  : -2.14% 
2026-05-24 16:35:03,064 INFO: Ann Ret    : -8.13% 
2026-05-24 16:35:03,064 INFO: Ann Vol    : 16.24% 
2026-05-24 16:35:03,064 INFO: Sharpe     : -0.5005 
2026-05-24 16:35:03,064 INFO: Max DD     : 8.09% 
2026-05-24 16:35:03,064 INFO: ============================================================
 
2026-05-24 16:35:03,197 INFO: Saved yield curve comparison to results/smoke_ppo/sh/ppo/seed_77/comparison_yield_curve_th0.45.png 
2026-05-24 16:35:05,286 INFO:    [DEBUG Analysis] Th=0.5 | Avg Held_P=0.4228 | Days < Th Ratio: 63.2% 
2026-05-24 16:35:05,292 INFO: 
============================================================ 
2026-05-24 16:35:05,292 INFO:        TEST REPORT: Scenario 4 (Rule th=0.5)        
2026-05-24 16:35:05,292 INFO: ============================================================ 
2026-05-24 16:35:05,292 INFO: Days       : 56 
2026-05-24 16:35:05,292 INFO: Switches   : 21 (37.50%) 
2026-05-24 16:35:05,292 INFO: ------------------------------------------------------------ 
2026-05-24 16:35:05,292 INFO: Total Ret  : -1.88% 
2026-05-24 16:35:05,292 INFO: Ann Ret    : -6.89% 
2026-05-24 16:35:05,292 INFO: Ann Vol    : 16.55% 
2026-05-24 16:35:05,292 INFO: Sharpe     : -0.4161 
2026-05-24 16:35:05,292 INFO: Max DD     : 8.58% 
2026-05-24 16:35:05,293 INFO: ============================================================
 
2026-05-24 16:35:05,428 INFO: Saved yield curve comparison to results/smoke_ppo/sh/ppo/seed_77/comparison_yield_curve_th0.5.png 
2026-05-24 16:35:08,301 INFO:    [DEBUG Analysis] Th=0.55 | Avg Held_P=0.4049 | Days < Th Ratio: 87.7% 
2026-05-24 16:35:08,305 INFO: 
============================================================ 
2026-05-24 16:35:08,306 INFO:        TEST REPORT: Scenario 4 (Rule th=0.55)        
2026-05-24 16:35:08,306 INFO: ============================================================ 
2026-05-24 16:35:08,306 INFO: Days       : 56 
2026-05-24 16:35:08,306 INFO: Switches   : 26 (46.43%) 
2026-05-24 16:35:08,306 INFO: ------------------------------------------------------------ 
2026-05-24 16:35:08,306 INFO: Total Ret  : -1.17% 
2026-05-24 16:35:08,306 INFO: Ann Ret    : -3.92% 
2026-05-24 16:35:08,306 INFO: Ann Vol    : 15.48% 
2026-05-24 16:35:08,306 INFO: Sharpe     : -0.2531 
2026-05-24 16:35:08,306 INFO: Max DD     : 6.76% 
2026-05-24 16:35:08,306 INFO: ============================================================
 
2026-05-24 16:35:08,455 INFO: Saved yield curve comparison to results/smoke_ppo/sh/ppo/seed_77/comparison_yield_curve_th0.55.png 
2026-05-24 16:35:10,627 INFO:    [DEBUG Analysis] Th=0.6 | Avg Held_P=0.4051 | Days < Th Ratio: 100.0% 
2026-05-24 16:35:10,632 INFO: 
============================================================ 
2026-05-24 16:35:10,632 INFO:        TEST REPORT: Scenario 4 (Rule th=0.6)        
2026-05-24 16:35:10,632 INFO: ============================================================ 
2026-05-24 16:35:10,632 INFO: Days       : 56 
2026-05-24 16:35:10,632 INFO: Switches   : 29 (51.79%) 
2026-05-24 16:35:10,632 INFO: ------------------------------------------------------------ 
2026-05-24 16:35:10,632 INFO: Total Ret  : -0.16% 
2026-05-24 16:35:10,632 INFO: Ann Ret    : 0.54% 
2026-05-24 16:35:10,632 INFO: Ann Vol    : 16.02% 
2026-05-24 16:35:10,633 INFO: Sharpe     : 0.0339 
2026-05-24 16:35:10,633 INFO: Max DD     : 6.61% 
2026-05-24 16:35:10,633 INFO: ============================================================
 
2026-05-24 16:35:10,763 INFO: Saved yield curve comparison to results/smoke_ppo/sh/ppo/seed_77/comparison_yield_curve_th0.6.png 
2026-05-24 16:35:14,437 INFO:    [DEBUG Analysis] Th=0.65 | Avg Held_P=0.4051 | Days < Th Ratio: 100.0% 
2026-05-24 16:35:14,441 INFO: 
============================================================ 
2026-05-24 16:35:14,442 INFO:        TEST REPORT: Scenario 4 (Rule th=0.65)        
2026-05-24 16:35:14,442 INFO: ============================================================ 
2026-05-24 16:35:14,442 INFO: Days       : 56 
2026-05-24 16:35:14,442 INFO: Switches   : 29 (51.79%) 
2026-05-24 16:35:14,442 INFO: ------------------------------------------------------------ 
2026-05-24 16:35:14,442 INFO: Total Ret  : -0.16% 
2026-05-24 16:35:14,442 INFO: Ann Ret    : 0.54% 
2026-05-24 16:35:14,442 INFO: Ann Vol    : 16.02% 
2026-05-24 16:35:14,442 INFO: Sharpe     : 0.0339 
2026-05-24 16:35:14,442 INFO: Max DD     : 6.61% 
2026-05-24 16:35:14,442 INFO: ============================================================
 
2026-05-24 16:35:14,576 INFO: Saved yield curve comparison to results/smoke_ppo/sh/ppo/seed_77/comparison_yield_curve_th0.65.png 
2026-05-24 16:35:17,753 INFO:    [DEBUG Analysis] Th=0.7 | Avg Held_P=0.4051 | Days < Th Ratio: 100.0% 
2026-05-24 16:35:17,758 INFO: 
============================================================ 
2026-05-24 16:35:17,758 INFO:        TEST REPORT: Scenario 4 (Rule th=0.7)        
2026-05-24 16:35:17,758 INFO: ============================================================ 
2026-05-24 16:35:17,758 INFO: Days       : 56 
2026-05-24 16:35:17,758 INFO: Switches   : 29 (51.79%) 
2026-05-24 16:35:17,758 INFO: ------------------------------------------------------------ 
2026-05-24 16:35:17,758 INFO: Total Ret  : -0.16% 
2026-05-24 16:35:17,758 INFO: Ann Ret    : 0.54% 
2026-05-24 16:35:17,758 INFO: Ann Vol    : 16.02% 
2026-05-24 16:35:17,758 INFO: Sharpe     : 0.0339 
2026-05-24 16:35:17,758 INFO: Max DD     : 6.61% 
2026-05-24 16:35:17,758 INFO: ============================================================
 
2026-05-24 16:35:17,889 INFO: Saved yield curve comparison to results/smoke_ppo/sh/ppo/seed_77/comparison_yield_curve_th0.7.png 
